###############################################################################
#
# IAR ELF Linker V3.11.1.207 for STM8                     24/Jul/2020  15:31:39
# Copyright 2010-2019 IAR Systems AB.
#
#    Output file  =  
#        C:\Users\17520\Desktop\LoRaTN\TestBoard_V2\Debug\Exe\Lib_Final.out
#    Map file     =  
#        C:\Users\17520\Desktop\LoRaTN\TestBoard_V2\Debug\List\Lib_Final.map
#    Command line =  
#        -f C:\Users\17520\AppData\Local\Temp\EW33FC.tmp
#        (C:\Users\17520\Desktop\LoRaTN\TestBoard_V2\Debug\Obj\initDriver.o
#        C:\Users\17520\Desktop\LoRaTN\TestBoard_V2\Debug\Obj\LoST_Clock.o
#        C:\Users\17520\Desktop\LoRaTN\TestBoard_V2\Debug\Obj\LoST_EXT.o
#        C:\Users\17520\Desktop\LoRaTN\TestBoard_V2\Debug\Obj\LoST_GPIO.o
#        C:\Users\17520\Desktop\LoRaTN\TestBoard_V2\Debug\Obj\LoST_SPI.o
#        C:\Users\17520\Desktop\LoRaTN\TestBoard_V2\Debug\Obj\main.o
#        C:\Users\17520\Desktop\LoRaTN\TestBoard_V2\Debug\Obj\Radio_Methods.o
#        C:\Users\17520\Desktop\LoRaTN\TestBoard_V2\Debug\Obj\stm8l15x_adc.o
#        C:\Users\17520\Desktop\LoRaTN\TestBoard_V2\Debug\Obj\stm8l15x_aes.o
#        C:\Users\17520\Desktop\LoRaTN\TestBoard_V2\Debug\Obj\stm8l15x_beep.o
#        C:\Users\17520\Desktop\LoRaTN\TestBoard_V2\Debug\Obj\stm8l15x_clk.o
#        C:\Users\17520\Desktop\LoRaTN\TestBoard_V2\Debug\Obj\stm8l15x_comp.o
#        C:\Users\17520\Desktop\LoRaTN\TestBoard_V2\Debug\Obj\stm8l15x_dac.o
#        C:\Users\17520\Desktop\LoRaTN\TestBoard_V2\Debug\Obj\stm8l15x_dma.o
#        C:\Users\17520\Desktop\LoRaTN\TestBoard_V2\Debug\Obj\stm8l15x_exti.o
#        C:\Users\17520\Desktop\LoRaTN\TestBoard_V2\Debug\Obj\stm8l15x_flash.o
#        C:\Users\17520\Desktop\LoRaTN\TestBoard_V2\Debug\Obj\stm8l15x_gpio.o
#        C:\Users\17520\Desktop\LoRaTN\TestBoard_V2\Debug\Obj\stm8l15x_i2c.o
#        C:\Users\17520\Desktop\LoRaTN\TestBoard_V2\Debug\Obj\stm8l15x_irtim.o
#        C:\Users\17520\Desktop\LoRaTN\TestBoard_V2\Debug\Obj\stm8l15x_it.o
#        C:\Users\17520\Desktop\LoRaTN\TestBoard_V2\Debug\Obj\stm8l15x_itc.o
#        C:\Users\17520\Desktop\LoRaTN\TestBoard_V2\Debug\Obj\stm8l15x_iwdg.o
#        C:\Users\17520\Desktop\LoRaTN\TestBoard_V2\Debug\Obj\stm8l15x_lcd.o
#        C:\Users\17520\Desktop\LoRaTN\TestBoard_V2\Debug\Obj\stm8l15x_pwr.o
#        C:\Users\17520\Desktop\LoRaTN\TestBoard_V2\Debug\Obj\stm8l15x_rst.o
#        C:\Users\17520\Desktop\LoRaTN\TestBoard_V2\Debug\Obj\stm8l15x_rtc.o
#        C:\Users\17520\Desktop\LoRaTN\TestBoard_V2\Debug\Obj\stm8l15x_spi.o
#        C:\Users\17520\Desktop\LoRaTN\TestBoard_V2\Debug\Obj\stm8l15x_syscfg.o
#        C:\Users\17520\Desktop\LoRaTN\TestBoard_V2\Debug\Obj\stm8l15x_tim1.o
#        C:\Users\17520\Desktop\LoRaTN\TestBoard_V2\Debug\Obj\stm8l15x_tim2.o
#        C:\Users\17520\Desktop\LoRaTN\TestBoard_V2\Debug\Obj\stm8l15x_tim3.o
#        C:\Users\17520\Desktop\LoRaTN\TestBoard_V2\Debug\Obj\stm8l15x_tim4.o
#        C:\Users\17520\Desktop\LoRaTN\TestBoard_V2\Debug\Obj\stm8l15x_tim5.o
#        C:\Users\17520\Desktop\LoRaTN\TestBoard_V2\Debug\Obj\stm8l15x_usart.o
#        C:\Users\17520\Desktop\LoRaTN\TestBoard_V2\Debug\Obj\stm8l15x_wfe.o
#        C:\Users\17520\Desktop\LoRaTN\TestBoard_V2\Debug\Obj\stm8l15x_wwdg.o
#        C:\Users\17520\Desktop\LoRaTN\TestBoard_V2\Debug\Obj\UART.o --redirect
#        _Printf=_PrintfFullNoMb --redirect _Scanf=_ScanfFullNoMb
#        --no_out_extension -o
#        C:\Users\17520\Desktop\LoRaTN\TestBoard_V2\Debug\Exe\Lib_Final.out
#        --map
#        C:\Users\17520\Desktop\LoRaTN\TestBoard_V2\Debug\List\Lib_Final.map
#        --config "C:\Program Files (x86)\IAR Systems\Embedded Workbench
#        8.3\stm8\config\lnkstm8l151c6.icf" --config_def _CSTACK_SIZE=0x100
#        --config_def _HEAP_SIZE=0x100 --entry __iar_program_start --debug_lib)
#
###############################################################################

*******************************************************************************
*** RUNTIME MODEL ATTRIBUTES
***

__SystemLibrary            = DLib
__code_model               = small
__core                     = stm8
__data_model               = medium
__dlib_file_descriptor     = 0
__dlib_full_locale_support = 0
__rt_version               = 4


*******************************************************************************
*** PLACEMENT SUMMARY
***

"A0":  place at start of [0x000000-0x0000ff] { rw section .vregs };
"A1":  place at end of [0x000000-0x0007ff] { block CSTACK };
"P2":  place in [from 0x000000 to 0x0007ff] {
          block HEAP, rw section __DLIB_PERTHREAD, rw section .far.bss,
          rw section .far.data, rw section .far.noinit,
          rw section .far_func.textrw, rw section .huge.bss,
          rw section .huge.data, rw section .huge.noinit,
          rw section .huge_func.textrw, rw section .iar.dynexit,
          rw section .near.bss, rw section .near.data, rw section .near.noinit,
          rw section .near_func.textrw };
"A2":  place at start of [0x008000-0x00ffff] { block INTVEC };
"P3":  place in [from 0x008000 to 0x00ffff] {
          ro section __DLIB_PERTHREAD_init, ro section .far.data_init,
          ro section .far_func.textrw_init, ro section .huge.data_init,
          ro section .huge_func.textrw_init, ro section .iar.init_table,
          ro section .init_array, ro section .near.data_init,
          ro section .near.rodata, ro section .near_func.text,
          ro section .near_func.textrw_init, ro section .tiny.data_init,
          ro section .tiny.rodata_init };
"P4":  place in [from 0x008000 to 0x00ffff] {
          ro section .far.rodata, ro section .far_func.text };
"P5":  place in [from 0x008000 to 0x00ffff] {
          ro section .huge.rodata, ro section .huge_func.text };
do not initialize {
   rw section .eeprom.noinit, rw section .far.noinit, rw section .huge.noinit,
   rw section .near.noinit, rw section .tiny.noinit, rw section .vregs };
initialize by copy {
   rw section .far.bss, rw section .far.data, rw section .far_func.textrw,
   rw section .huge.bss, rw section .huge.data, rw section .huge_func.textrw,
   rw section .iar.dynexit, rw section .near.bss, rw section .near.data,
   rw section .near_func.textrw, rw section .tiny.bss, rw section .tiny.data,
   ro section .tiny.rodata };

No sections matched the following patterns:

  ro section .far.data_init          in "P3-P5"
  ro section .far.rodata             in "P3-P5"
  ro section .far_func.text          in "P3-P5"
  ro section .far_func.textrw_init   in "P3-P5"
  ro section .huge.data_init         in "P3-P5"
  ro section .huge.rodata            in "P3-P5"
  ro section .huge_func.text         in "P3-P5"
  ro section .huge_func.textrw_init  in "P3-P5"
  ro section .iar.init_table         in "P3-P5"
  ro section .init_array             in "P3-P5"
  ro section .near_func.textrw_init  in "P3-P5"
  ro section .tiny.data_init         in "P3-P5"
  ro section .tiny.rodata_init       in "P3-P5"
  ro section __DLIB_PERTHREAD_init   in "P3-P5"
  rw section .far.bss                in "P2"
  rw section .far.data               in "P2"
  rw section .far.noinit             in "P2"
  rw section .far_func.textrw        in "P2"
  rw section .huge.bss               in "P2"
  rw section .huge.data              in "P2"
  rw section .huge.noinit            in "P2"
  rw section .huge_func.textrw       in "P2"
  rw section .iar.dynexit            in "P2"
  rw section .near.noinit            in "P2"
  rw section .near_func.textrw       in "P2"
  rw section .tiny.bss               in "P1"
  rw section .tiny.data              in "P1"
  rw section .tiny.noinit            in "P1"
  rw section .tiny.rodata            in "P1"
  rw section __DLIB_PERTHREAD        in "P2"
  section .eeprom.data               in "P6-P8"
  section .eeprom.noinit             in "P6-P8"
  section .eeprom.rodata             in "P6-P8"


  Section            Kind      Address    Size  Object
  -------            ----      -------    ----  ------
"A0":                                     0x10
  .vregs             uninit   0x000000    0x10  vregs.o [4]
                            - 0x000010    0x10

"P2", part 1 of 2:                        0x19
  P2-1                        0x000010    0x19  <Init block>
    .near.data       inited   0x000010    0x14  main.o [1]
    .near.data       inited   0x000024     0x2  main.o [1]
    .near.data       inited   0x000026     0x1  Radio_Methods.o [1]
    .near.data       inited   0x000027     0x1  Radio_Methods.o [1]
    .near.data       inited   0x000028     0x1  Radio_Methods.o [1]
                            - 0x000029    0x19

"P2", part 2 of 2:                        0x2d
  .near.bss          zero     0x000029    0x18  main.o [1]
  .near.bss          zero     0x000041     0xd  main.o [1]
  .near.bss          zero     0x00004e     0x2  Radio_Methods.o [1]
  .near.bss          zero     0x000050     0x2  errno.o [4]
  .near.bss          zero     0x000052     0x1  main.o [1]
  .near.bss          zero     0x000053     0x1  main.o [1]
  .near.bss          zero     0x000054     0x1  Radio_Methods.o [1]
  .near.bss          zero     0x000055     0x1  Radio_Methods.o [1]
                            - 0x000056    0x2d

"A1":                                    0x100
  CSTACK                      0x000700   0x100  <Block>
    CSTACK           uninit   0x000700   0x100  <Block tail>
                            - 0x000800   0x100

"A2":                                     0x80
  INTVEC                      0x008000    0x80  <Block>
    .intvec          const    0x008000    0x80  interrupt.o [4]
                            - 0x008080    0x80

"P3-P5":                                0x36d5
  .near_func.text    ro code  0x008080  0x11d8  Radio_Methods.o [1]
  .near_func.text    ro code  0x009258   0x4c7  float.o [4]
  .near_func.text    ro code  0x00971f   0x3ef  Radio_Methods.o [1]
  .near_func.text    ro code  0x009b0e   0x3d7  Radio_Methods.o [1]
  .near_func.text    ro code  0x009ee5   0x2fa  pow.o [4]
  .near_func.text    ro code  0x00a1df   0x1f5  xexp.o [4]
  .near_func.text    ro code  0x00a3d4   0x181  float_libsup.o [4]
  .near_func.text    ro code  0x00a555   0x133  vreg_util.o [4]
  .near_func.text    ro code  0x00a688   0x131  long.o [4]
  .near_func.text    ro code  0x00a7b9   0x10d  stm8l15x_exti.o [1]
  .near_func.text    ro code  0x00a8c6    0xdc  Radio_Methods.o [1]
  .near_func.text    ro code  0x00a9a2    0xcb  xdint.o [4]
  .near_func.text    ro code  0x00aa6d    0xca  stm8l15x_usart.o [1]
  .near_func.text    ro code  0x00ab37    0xb5  main.o [1]
  .near_func.text    ro code  0x00abec    0x94  stm8l15x_usart.o [1]
  .near_func.text    ro code  0x00ac80    0x90  Radio_Methods.o [1]
  .near_func.text    ro code  0x00ad10    0x8e  stm8l15x_gpio.o [1]
  .near_func.text    ro code  0x00ad9e    0x89  stm8l15x_clk.o [1]
  .near.rodata       const    0x00ae27    0x82  main.o [1]
  .near_func.text    ro code  0x00aea9    0x76  long_util.o [4]
  .near_func.text    ro code  0x00af1f    0x75  UART.o [1]
  .near_func.text    ro code  0x00af94    0x72  stm8l15x_clk.o [1]
  .near_func.text    ro code  0x00b006    0x5c  LoST_SPI.o [1]
  .near_func.text    ro code  0x00b062    0x5c  Radio_Methods.o [1]
  .near_func.text    ro code  0x00b0be    0x55  UART.o [1]
  .near_func.text    ro code  0x00b113    0x50  stm8l15x_usart.o [1]
  .near_func.text    ro code  0x00b163    0x41  stm8l15x_clk.o [1]
  .near_func.text    ro code  0x00b1a4    0x41  stm8l15x_spi.o [1]
  .near_func.text    ro code  0x00b1e5    0x3c  main.o [1]
  .near_func.text    ro code  0x00b221    0x3c  Radio_Methods.o [1]
  .near_func.text    ro code  0x00b25d    0x3a  LoST_GPIO.o [1]
  .near_func.text    ro code  0x00b297    0x34  UART.o [1]
  .near_func.text    ro code  0x00b2cb    0x33  stm8l15x_spi.o [1]
  .near_func.text    ro code  0x00b2fe    0x31  stm8l15x_exti.o [1]
  .near_func.text    ro code  0x00b32f    0x30  short.o [4]
  .near_func.text    ro code  0x00b35f    0x2c  stm8l15x_gpio.o [1]
  .near_func.text    ro code  0x00b38b    0x28  init_small.o [4]
  .near_func.text    ro code  0x00b3b3    0x27  stm8l15x_usart.o [1]
  .near_func.text    ro code  0x00b3da    0x27  stm8l15x_usart.o [1]
  .near_func.text    ro code  0x00b401    0x25  dc_util.o [4]
  .near_func.text    ro code  0x00b426    0x21  stm8l15x_exti.o [1]
  .near_func.text    ro code  0x00b447    0x21  stm8l15x_exti.o [1]
  .iar.init_table    const    0x00b468    0x12  - Linker created -
  .near_func.text    ro code  0x00b47a    0x1f  move.o [4]
  .near_func.text    ro code  0x00b499    0x1f  xlog.o [4]
  .near_func.text    ro code  0x00b4b8    0x1e  init_small.o [4]
  .near_func.text    ro code  0x00b4d6    0x1d  stm8l15x_it.o [1]
  .near_func.text    ro code  0x00b4f3    0x1c  stm8l15x_i2c.o [1]
  .near_func.text    ro code  0x00b50f    0x1b  Radio_Methods.o [1]
  .near_func.text    ro code  0x00b52a    0x1a  stm8l15x_spi.o [1]
  .near_func.text    ro code  0x00b544    0x19  Radio_Methods.o [1]
  .near_func.text    ro code  0x00b55d    0x19  stm8l15x_it.o [1]
  .near_func.text    ro code  0x00b576    0x19  stm8l15x_spi.o [1]
  Initializer bytes  const    0x00b58f    0x19  <for P2-1>
  .near_func.text    ro code  0x00b5a8    0x18  LoST_SPI.o [1]
  .near_func.text    ro code  0x00b5c0    0x16  memset.o [4]
  .near_func.text    ro code  0x00b5d6    0x14  Radio_Methods.o [1]
  .near_func.text    ro code  0x00b5ea    0x14  init.o [4]
  .near_func.text    ro code  0x00b5fe    0x14  __dbg_xxexit.o [3]
  .near_func.text    ro code  0x00b612    0x13  cstartup.o [4]
  .near_func.text    ro code  0x00b625    0x12  stm8l15x_gpio.o [1]
  .near_func.text    ro code  0x00b637    0x11  LoST_Clock.o [1]
  .near_func.text    ro code  0x00b648    0x10  LoST_EXT.o [1]
  .near_func.text    ro code  0x00b658     0xf  LoST_GPIO.o [1]
  .near_func.text    ro code  0x00b667     0xd  main.o [1]
  .near_func.text    ro code  0x00b674     0xd  stm8l15x_clk.o [1]
  .near_func.text    ro code  0x00b681     0xd  stm8l15x_clk.o [1]
  .near_func.text    ro code  0x00b68e     0xc  char.o [4]
  .near_func.text    ro code  0x00b69a     0xa  main.o [1]
  .near.rodata       const    0x00b6a4     0x9  main.o [1]
  .near_func.text    ro code  0x00b6ad     0x9  main.o [1]
  .near_func.text    ro code  0x00b6b6     0x9  stm8l15x_rtc.o [1]
  .near_func.text    ro code  0x00b6bf     0x9  xlog.o [4]
  .near_func.text    ro code  0x00b6c8     0x8  xexp.o [4]
  .near_func.text    ro code  0x00b6d0     0x8  xexp.o [4]
  .near_func.text    ro code  0x00b6d8     0x8  xexp.o [4]
  .near_func.text    ro code  0x00b6e0     0x7  stm8l15x_gpio.o [1]
  .near_func.text    ro code  0x00b6e7     0x7  stm8l15x_gpio.o [1]
  .near.rodata       const    0x00b6ee     0x5  main.o [1]
  .near.rodata       const    0x00b6f3     0x5  stm8l15x_clk.o [1]
  .near_func.text    ro code  0x00b6f8     0x5  main.o [1]
  .near_func.text    ro code  0x00b6fd     0x5  main.o [1]
  .near_func.text    ro code  0x00b702     0x5  main.o [1]
  .near_func.text    ro code  0x00b707     0x5  Radio_Methods.o [1]
  .near_func.text    ro code  0x00b70c     0x5  Radio_Methods.o [1]
  .near_func.text    ro code  0x00b711     0x5  cexit.o [4]
  .near_func.text    ro code  0x00b716     0x4  stm8l15x_clk.o [1]
  .near.rodata       const    0x00b71a     0x3  main.o [1]
  .near.rodata       const    0x00b71d     0x3  Radio_Methods.o [1]
  .near_func.text    ro code  0x00b720     0x3  Radio_Methods.o [1]
  .near_func.text    ro code  0x00b723     0x3  Radio_Methods.o [1]
  .near_func.text    ro code  0x00b726     0x3  stm8l15x_usart.o [1]
  .near_func.text    ro code  0x00b729     0x3  interrupt.o [4]
  .near_func.text    ro code  0x00b72c     0x3  low_level_init.o [4]
  .near_func.text    ro code  0x00b72f     0x3  exit.o [4]
  .near_func.text    ro code  0x00b732     0x3  unhandled_exception.o [4]
  .near.rodata       const    0x00b735     0x2  main.o [1]
  .near_func.text    ro code  0x00b737     0x1  main.o [1]
  .near_func.text    ro code  0x00b738     0x1  main.o [1]
  .near_func.text    ro code  0x00b739     0x1  main.o [1]
  .near_func.text    ro code  0x00b73a     0x1  main.o [1]
  .near_func.text    ro code  0x00b73b     0x1  stm8l15x_it.o [1]
  .near_func.text    ro code  0x00b73c     0x1  stm8l15x_it.o [1]
  .near_func.text    ro code  0x00b73d     0x1  stm8l15x_it.o [1]
  .near_func.text    ro code  0x00b73e     0x1  stm8l15x_it.o [1]
  .near_func.text    ro code  0x00b73f     0x1  stm8l15x_it.o [1]
  .near_func.text    ro code  0x00b740     0x1  stm8l15x_it.o [1]
  .near_func.text    ro code  0x00b741     0x1  stm8l15x_it.o [1]
  .near_func.text    ro code  0x00b742     0x1  stm8l15x_it.o [1]
  .near_func.text    ro code  0x00b743     0x1  stm8l15x_it.o [1]
  .near_func.text    ro code  0x00b744     0x1  stm8l15x_it.o [1]
  .near_func.text    ro code  0x00b745     0x1  stm8l15x_it.o [1]
  .near_func.text    ro code  0x00b746     0x1  stm8l15x_it.o [1]
  .near_func.text    ro code  0x00b747     0x1  stm8l15x_it.o [1]
  .near_func.text    ro code  0x00b748     0x1  stm8l15x_it.o [1]
  .near_func.text    ro code  0x00b749     0x1  stm8l15x_it.o [1]
  .near_func.text    ro code  0x00b74a     0x1  stm8l15x_it.o [1]
  .near_func.text    ro code  0x00b74b     0x1  stm8l15x_it.o [1]
  .near_func.text    ro code  0x00b74c     0x1  stm8l15x_it.o [1]
  .near_func.text    ro code  0x00b74d     0x1  stm8l15x_it.o [1]
  .near_func.text    ro code  0x00b74e     0x1  stm8l15x_it.o [1]
  .near_func.text    ro code  0x00b74f     0x1  stm8l15x_it.o [1]
  .near_func.text    ro code  0x00b750     0x1  stm8l15x_it.o [1]
  .near_func.text    ro code  0x00b751     0x1  stm8l15x_it.o [1]
  .near_func.text    ro code  0x00b752     0x1  stm8l15x_it.o [1]
  .near_func.text    ro code  0x00b753     0x1  stm8l15x_it.o [1]
  .near_func.text    ro code  0x00b754     0x1  __dbg_break.o [3]
                            - 0x00b755  0x36d5


*******************************************************************************
*** INIT TABLE
***

          Address   Size
          -------   ----
Zero (__iar_zero_init2)
    1 destination range, total size 0x2d:
          0x000029  0x2d

Copy (__iar_copy_init2)
    1 source range, total size 0x19:
          0x00b58f  0x19
    1 destination range, total size 0x19:
          0x000010  0x19



*******************************************************************************
*** MODULE SUMMARY
***

    Module                 ro code  ro data  rw data
    ------                 -------  -------  -------
C:\Users\17520\Desktop\LoRaTN\TestBoard_V2\Debug\Obj: [1]
    LoST_Clock.o                17
    LoST_EXT.o                  16
    LoST_GPIO.o                 73
    LoST_SPI.o                 116
    Radio_Methods.o          7 162        6        7
    UART.o                     254
    main.o                     292      171       61
    stm8l15x_clk.o             346        5
    stm8l15x_exti.o            384
    stm8l15x_gpio.o            218
    stm8l15x_i2c.o              28
    stm8l15x_it.o               79
    stm8l15x_rtc.o               9
    stm8l15x_spi.o             167
    stm8l15x_usart.o           511
    ------------------------------------------------
    Total:                   9 672      182       68

command line: [2]
    ------------------------------------------------
    Total:

dbgstm8smd.a: [3]
    __dbg_break.o                1
    __dbg_xxexit.o              20
    ------------------------------------------------
    Total:                      21

dlstm8smn.a: [4]
    cexit.o                      5
    char.o                      12
    cstartup.o                  19
    dc_util.o                   37
    errno.o                                        2
    exit.o                       3
    float.o                  1 223
    float_libsup.o             385
    init.o                      20
    init_small.o                70
    interrupt.o                  3      128
    long.o                     305
    long_util.o                118
    low_level_init.o             3
    memset.o                    22
    move.o                      31
    pow.o                      762
    short.o                     48
    unhandled_exception.o        3
    vreg_util.o                307
    vregs.o                                       16
    xdint.o                    203
    xexp.o                     525
    xlog.o                      40
    ------------------------------------------------
    Total:                   4 144      128       18

    Linker created                       18      256
----------------------------------------------------
    Grand Total:            13 837      328      342


*******************************************************************************
*** ENTRY LIST
***

Entry                    Address   Size  Type      Object
-----                    -------   ----  ----      ------
.iar.init_table$$Base   0x00b468          --   Gb  - Linker created -
.iar.init_table$$Limit  0x00b47a          --   Gb  - Linker created -
?add32_l0_l0_0x         0x00a6b4         Code  Gb  long.o [4]
?add32_l0_l0_l1         0x00a6b1         Code  Gb  long.o [4]
?and32_l0_l0_0x         0x00a76a         Code  Gb  long.o [4]
?and32_l0_l0_l1         0x00a767         Code  Gb  long.o [4]
?b0                     0x000000         Data  Gb  vregs.o [4]
?b1                     0x000001         Data  Gb  vregs.o [4]
?b10                    0x00000a         Data  Gb  vregs.o [4]
?b11                    0x00000b         Data  Gb  vregs.o [4]
?b12                    0x00000c         Data  Gb  vregs.o [4]
?b13                    0x00000d         Data  Gb  vregs.o [4]
?b14                    0x00000e         Data  Gb  vregs.o [4]
?b15                    0x00000f         Data  Gb  vregs.o [4]
?b2                     0x000002         Data  Gb  vregs.o [4]
?b3                     0x000003         Data  Gb  vregs.o [4]
?b4                     0x000004         Data  Gb  vregs.o [4]
?b5                     0x000005         Data  Gb  vregs.o [4]
?b6                     0x000006         Data  Gb  vregs.o [4]
?b7                     0x000007         Data  Gb  vregs.o [4]
?b8                     0x000008         Data  Gb  vregs.o [4]
?b9                     0x000009         Data  Gb  vregs.o [4]
?dc32_l0                0x00b401         Code  Gb  dc_util.o [4]
?dc32_l1                0x00b40e         Code  Gb  dc_util.o [4]
?dc32_px                0x00b41b         Code  Gb  dc_util.o [4]
?dec32_0x_0x            0x00a69d         Code  Gb  long.o [4]
?dec32_l0_l0            0x00a698         Code  Gb  long.o [4]
?e0                     0x000001         Data  Gb  vregs.o [4]
?e1                     0x000005         Data  Gb  vregs.o [4]
?e2                     0x000009         Data  Gb  vregs.o [4]
?e3                     0x00000d         Data  Gb  vregs.o [4]
?epilogue_l2            0x00a5fc         Code  Gb  vreg_util.o [4]
?epilogue_l2_l3         0x00a5f9         Code  Gb  vreg_util.o [4]
?epilogue_l2_w6         0x00a600         Code  Gb  vreg_util.o [4]
?epilogue_w4            0x00a607         Code  Gb  vreg_util.o [4]
?fadd32_l0_l0_dc32      0x00927b         Code  Gb  float.o [4]
?fadd32_l0_l0_l1        0x009280         Code  Gb  float.o [4]
?fcastf32s16_l0_x       0x00953f         Code  Gb  float.o [4]
?fcastf32s32_l0_l0      0x0095da         Code  Gb  float.o [4]
?fcastf32u32_l0_l0      0x0095e5         Code  Gb  float.o [4]
?fcasts32f32_l0_l0      0x009579         Code  Gb  float.o [4]
?fcastu32f32_l0_l0      0x009562         Code  Gb  float.o [4]
?fcmpeq32_c_0x_fzero    0x0094a9         Code  Gb  float.o [4]
?fcmpeq32_c_l0_0x       0x0094b6         Code  Gb  float.o [4]
?fcmpeq32_c_l0_dc32     0x0094b1         Code  Gb  float.o [4]
?fcmpeq32_c_l0_fzero    0x0094a6         Code  Gb  float.o [4]
?fcmpge32_c_l0_0x       0x0094e0         Code  Gb  float.o [4]
?fcmpge32_c_l0_dc32     0x0094db         Code  Gb  float.o [4]
?fcmplt32_c_l0_0x       0x0094e9         Code  Gb  float.o [4]
?fcmplt32_c_l0_dc32     0x0094e4         Code  Gb  float.o [4]
?fdiv32_l0_dc32_l1      0x0093ee         Code  Gb  float.o [4]
?fdiv32_l0_l0_dc32      0x0093f3         Code  Gb  float.o [4]
?fdiv32_l0_l0_l1        0x0093f8         Code  Gb  float.o [4]
?fmul32_l0_l0_dc32      0x00934e         Code  Gb  float.o [4]
?fmul32_l0_l0_l1        0x009353         Code  Gb  float.o [4]
?fsub32_l0_l0_l1        0x009275         Code  Gb  float.o [4]
?l0                     0x000000         Data  Gb  vregs.o [4]
?l1                     0x000004         Data  Gb  vregs.o [4]
?l2                     0x000008         Data  Gb  vregs.o [4]
?l3                     0x00000c         Data  Gb  vregs.o [4]
?load32_0x_l0           0x00aef2         Code  Gb  long_util.o [4]
?load32_0x_l2           0x00af11         Code  Gb  long_util.o [4]
?load32_asp_l0          0x00aee6         Code  Gb  long_util.o [4]
?load32_asp_l2          0x00af05         Code  Gb  long_util.o [4]
?load32_dbsp_l0         0x00aee1         Code  Gb  long_util.o [4]
?load32_dbsp_l2         0x00af00         Code  Gb  long_util.o [4]
?load32_l0_0x           0x00aeb9         Code  Gb  long_util.o [4]
?load32_l0_asp          0x00aeae         Code  Gb  long_util.o [4]
?load32_l0_dbsp         0x00aea9         Code  Gb  long_util.o [4]
?load32_l0_xsp          0x00aeb0         Code  Gb  long_util.o [4]
?load32_l1_0x           0x00aed5         Code  Gb  long_util.o [4]
?load32_l1_asp          0x00aeca         Code  Gb  long_util.o [4]
?load32_l1_dbsp         0x00aec5         Code  Gb  long_util.o [4]
?load32_l1_xsp          0x00aecc         Code  Gb  long_util.o [4]
?load32_xsp_l0          0x00aee8         Code  Gb  long_util.o [4]
?load32_xsp_l2          0x00af07         Code  Gb  long_util.o [4]
?longfarg16_v_w0_a      0x00b487         Code  Gb  move.o [4]
?longfarg16_v_w0_x      0x00b489         Code  Gb  move.o [4]
?mov_e0_e1              0x00a623         Code  Gb  vreg_util.o [4]
?mov_e0_e2              0x00a630         Code  Gb  vreg_util.o [4]
?mov_e0_e3              0x00a63d         Code  Gb  vreg_util.o [4]
?mov_e1_e0              0x00a64a         Code  Gb  vreg_util.o [4]
?mov_e1_e2              0x00a657         Code  Gb  vreg_util.o [4]
?mov_e1_e3              0x00a664         Code  Gb  vreg_util.o [4]
?mov_e2_e0              0x00a671         Code  Gb  vreg_util.o [4]
?mov_e3_e0              0x00a67e         Code  Gb  vreg_util.o [4]
?mov_l0_l1              0x00a620         Code  Gb  vreg_util.o [4]
?mov_l0_l2              0x00a62d         Code  Gb  vreg_util.o [4]
?mov_l0_l3              0x00a63a         Code  Gb  vreg_util.o [4]
?mov_l1_l0              0x00a647         Code  Gb  vreg_util.o [4]
?mov_l1_l2              0x00a654         Code  Gb  vreg_util.o [4]
?mov_l1_l3              0x00a661         Code  Gb  vreg_util.o [4]
?mov_l2_l0              0x00a66e         Code  Gb  vreg_util.o [4]
?mov_l3_l0              0x00a67b         Code  Gb  vreg_util.o [4]
?mov_w0_w5              0x00a60b         Code  Gb  vreg_util.o [4]
?mov_w1_w3              0x00a626         Code  Gb  vreg_util.o [4]
?mov_w1_w4              0x00a612         Code  Gb  vreg_util.o [4]
?mov_w1_w5              0x00a633         Code  Gb  vreg_util.o [4]
?mov_w1_w7              0x00a640         Code  Gb  vreg_util.o [4]
?mov_w3_w1              0x00a64d         Code  Gb  vreg_util.o [4]
?mov_w3_w5              0x00a65a         Code  Gb  vreg_util.o [4]
?mov_w3_w7              0x00a667         Code  Gb  vreg_util.o [4]
?mov_w5_w0              0x00a619         Code  Gb  vreg_util.o [4]
?mov_w5_w1              0x00a674         Code  Gb  vreg_util.o [4]
?mov_w7_w1              0x00a681         Code  Gb  vreg_util.o [4]
?move1616_v_x_y_a       0x00b47a         Code  Gb  move.o [4]
?neg32_l0_l0            0x00a688         Code  Gb  long.o [4]
?or32_l0_l0_0x          0x00a785         Code  Gb  long.o [4]
?or32_l0_l0_l1          0x00a782         Code  Gb  long.o [4]
?pop_l0                 0x00a5c5         Code  Gb  vreg_util.o [4]
?pop_l1                 0x00a5d0         Code  Gb  vreg_util.o [4]
?pop_l2                 0x00a5db         Code  Gb  vreg_util.o [4]
?pop_l3                 0x00a5e6         Code  Gb  vreg_util.o [4]
?pop_w4                 0x00a577         Code  Gb  vreg_util.o [4]
?pop_w6                 0x00a57e         Code  Gb  vreg_util.o [4]
?pop_w7                 0x00a585         Code  Gb  vreg_util.o [4]
?push_l0                0x00a594         Code  Gb  vreg_util.o [4]
?push_l1                0x00a599         Code  Gb  vreg_util.o [4]
?push_l2                0x00a59e         Code  Gb  vreg_util.o [4]
?push_l3                0x00a5a3         Code  Gb  vreg_util.o [4]
?push_w4                0x00a555         Code  Gb  vreg_util.o [4]
?push_w6                0x00a55a         Code  Gb  vreg_util.o [4]
?push_w7                0x00a55f         Code  Gb  vreg_util.o [4]
?sdiv16_x_x_y           0x00b32f         Code  Gb  short.o [4]
?sext16_x_a             0x00b358         Code  Gb  short.o [4]
?sext32_l0_x            0x00a7ae         Code  Gb  long.o [4]
?sll16_x_x_a            0x00b348         Code  Gb  short.o [4]
?sll32_0x_0x_a          0x00a7a0         Code  Gb  long.o [4]
?sll32_l0_l0_a          0x00a79d         Code  Gb  long.o [4]
?sll8_a_a_5             0x00b68f         Code  Gb  char.o [4]
?sll8_a_a_6             0x00b68e         Code  Gb  char.o [4]
?srl16_x_x_4            0x00b353         Code  Gb  short.o [4]
?srl16_x_x_5            0x00b352         Code  Gb  short.o [4]
?srl16_x_x_6            0x00b351         Code  Gb  short.o [4]
?srl16_x_x_7            0x00b350         Code  Gb  short.o [4]
?srl8_a_a_5             0x00b695         Code  Gb  char.o [4]
?srl8_a_a_6             0x00b694         Code  Gb  char.o [4]
?sub32_l0_l0_0x         0x00a6cf         Code  Gb  long.o [4]
?sub32_l0_l0_l1         0x00a6cc         Code  Gb  long.o [4]
?ucmp32_c_l0_l1         0x00a75c         Code  Gb  long.o [4]
?udiv32_l0_l0_dl        0x00a6ec         Code  Gb  long.o [4]
?udiv32_l0_l0_l1        0x00a6ef         Code  Gb  long.o [4]
?umod32_l1_l0_dl        0x00a6e7         Code  Gb  long.o [4]
?umod32_l1_l0_l1        0x00a6ef         Code  Gb  long.o [4]
?w0                     0x000000         Data  Gb  vregs.o [4]
?w1                     0x000002         Data  Gb  vregs.o [4]
?w2                     0x000004         Data  Gb  vregs.o [4]
?w3                     0x000006         Data  Gb  vregs.o [4]
?w4                     0x000008         Data  Gb  vregs.o [4]
?w5                     0x00000a         Data  Gb  vregs.o [4]
?w6                     0x00000c         Data  Gb  vregs.o [4]
?w7                     0x00000e         Data  Gb  vregs.o [4]
ADC1_COMP_IRQHandler    0x00b749    0x1  Code  Gb  stm8l15x_it.o [1]
AppState                0x000052    0x1  Data  Gb  main.o [1]
CLK_DeInit              0x00b163   0x41  Code  Gb  stm8l15x_clk.o [1]
CLK_GetClockFreq        0x00af94   0x72  Code  Gb  stm8l15x_clk.o [1]
CLK_HSICmd              0x00b674    0xd  Code  Gb  stm8l15x_clk.o [1]
CLK_PeripheralClockConfig
                        0x00ad9e   0x89  Code  Gb  stm8l15x_clk.o [1]
CLK_SYSCLKDivConfig     0x00b716    0x4  Code  Gb  stm8l15x_clk.o [1]
CLK_SYSCLKSourceSwitchCmd
                        0x00b681    0xd  Code  Gb  stm8l15x_clk.o [1]
CSTACK$$Base            0x000700          --   Gb  - Linker created -
CSTACK$$Limit           0x000800          --   Gb  - Linker created -
Callbacks               0x000010   0x14  Data  Gb  main.o [1]
DMA1_CHANNEL0_1_IRQHandler
                        0x00b73c    0x1  Code  Gb  stm8l15x_it.o [1]
DMA1_CHANNEL2_3_IRQHandler
                        0x00b73d    0x1  Code  Gb  stm8l15x_it.o [1]
EXTI0_IRQHandler        0x00971f  0x3ef  Code  Gb  Radio_Methods.o [1]
EXTI2_IRQHandler        0x00b741    0x1  Code  Gb  stm8l15x_it.o [1]
EXTI3_IRQHandler        0x00b742    0x1  Code  Gb  stm8l15x_it.o [1]
EXTI4_IRQHandler        0x00b743    0x1  Code  Gb  stm8l15x_it.o [1]
EXTI5_IRQHandler        0x00b744    0x1  Code  Gb  stm8l15x_it.o [1]
EXTI6_IRQHandler        0x00b745    0x1  Code  Gb  stm8l15x_it.o [1]
EXTI7_IRQHandler        0x00b746    0x1  Code  Gb  stm8l15x_it.o [1]
EXTIB_G_IRQHandler      0x00b73f    0x1  Code  Gb  stm8l15x_it.o [1]
EXTID_H_IRQHandler      0x00b740    0x1  Code  Gb  stm8l15x_it.o [1]
EXTIE_F_PVD_IRQHandler  0x00b73e    0x1  Code  Gb  stm8l15x_it.o [1]
EXTI_ClearITPendingBit  0x00b447   0x21  Code  Gb  stm8l15x_exti.o [1]
EXTI_DeInit             0x00b426   0x21  Code  Gb  stm8l15x_exti.o [1]
EXTI_SelectPort         0x00b2fe   0x31  Code  Gb  stm8l15x_exti.o [1]
EXTI_SetPinSensitivity  0x00a7b9  0x10d  Code  Gb  stm8l15x_exti.o [1]
GPIO_ExternalPullUpConfig
                        0x00b35f   0x2c  Code  Gb  stm8l15x_gpio.o [1]
GPIO_Init               0x00ad10   0x8e  Code  Gb  stm8l15x_gpio.o [1]
GPIO_Init_NSS_BUSY_NRESET
                        0x00b25d   0x3a  Code  Gb  LoST_GPIO.o [1]
GPIO_ReadInputDataBit   0x00b6e7    0x7  Code  Gb  stm8l15x_gpio.o [1]
GPIO_ToggleBits         0x00b6e0    0x7  Code  Gb  stm8l15x_gpio.o [1]
GPIO_WriteBit           0x00b625   0x12  Code  Gb  stm8l15x_gpio.o [1]
GPIO_digitalRead        0x00b658    0xf  Code  Gb  LoST_GPIO.o [1]
I2C1_SPI2_IRQHandler    0x00b4d6   0x1d  Code  Gb  stm8l15x_it.o [1]
I2C_ClearITPendingBit   0x00b4f3   0x1c  Code  Gb  stm8l15x_i2c.o [1]
INTVEC$$Base            0x008000          --   Gb  - Linker created -
INTVEC$$Limit           0x008080          --   Gb  - Linker created -
Init_Uart               0x00b0be   0x55  Code  Gb  UART.o [1]
IoIrqInit               0x00b723    0x3  Code  Gb  Radio_Methods.o [1]
LCD_AES_IRQHandler      0x00b747    0x1  Code  Gb  stm8l15x_it.o [1]
LoRa                    0x00b1e5   0x3c  Code  Gb  main.o [1]
RTC_CSSLSE_IRQHandler   0x00b55d   0x19  Code  Gb  stm8l15x_it.o [1]
RTC_ClearITPendingBit   0x00b6b6    0x9  Code  Gb  stm8l15x_rtc.o [1]
Radio                   0x00ae27   0x82  Data  Lc  main.o [1]
Radio_GPIO_Init         0x00b50f   0x1b  Code  Gb  Radio_Methods.o [1]
Radio_SPI_Init          0x00b720    0x3  Code  Gb  Radio_Methods.o [1]
Region$$Table$$Base     0x00b468          --   Gb  - Linker created -
Region$$Table$$Limit    0x00b47a          --   Gb  - Linker created -
SPI1_IRQHandler         0x00b751    0x1  Code  Gb  stm8l15x_it.o [1]
SPI_Cmd                 0x00b2cb    0xd  Code  Gb  stm8l15x_spi.o [1]
SPI_DeInit              0x00b52a   0x1a  Code  Gb  stm8l15x_spi.o [1]
SPI_GetFlagStatus       0x00b576   0x19  Code  Gb  stm8l15x_spi.o [1]
SPI_Init                0x00b1a4   0x41  Code  Gb  stm8l15x_spi.o [1]
SPI_NSSInternalSoftwareCmd
                        0x00b2d8   0x19  Code  Gb  stm8l15x_spi.o [1]
SPI_ReceiveData         0x00b2f9    0x5  Code  Gb  stm8l15x_spi.o [1]
SPI_SendData            0x00b2f1    0x8  Code  Gb  stm8l15x_spi.o [1]
SPI_Transfer            0x00b5a8   0x18  Code  Gb  LoST_SPI.o [1]
SWITCH_CSS_BREAK_DAC_IRQHandler
                        0x00b748    0x1  Code  Gb  stm8l15x_it.o [1]
SYSDivFactor            0x00b6f3    0x5  Data  Gb  stm8l15x_clk.o [1]
TIM1_CC_IRQHandler      0x00b74f    0x1  Code  Gb  stm8l15x_it.o [1]
TIM1_UPD_OVF_TRG_COM_IRQHandler
                        0x00b74e    0x1  Code  Gb  stm8l15x_it.o [1]
TIM2_CC_USART2_RX_IRQHandler
                        0x00b74b    0x1  Code  Gb  stm8l15x_it.o [1]
TIM2_UPD_OVF_TRG_BRK_USART2_TX_IRQHandler
                        0x00b74a    0x1  Code  Gb  stm8l15x_it.o [1]
TIM3_CC_USART3_RX_IRQHandler
                        0x00b74d    0x1  Code  Gb  stm8l15x_it.o [1]
TIM3_UPD_OVF_TRG_BRK_USART3_TX_IRQHandler
                        0x00b74c    0x1  Code  Gb  stm8l15x_it.o [1]
TIM4_UPD_OVF_TRG_IRQHandler
                        0x00b750    0x1  Code  Gb  stm8l15x_it.o [1]
TRAP_IRQHandler         0x00b73b    0x1  Code  Gb  stm8l15x_it.o [1]
TxIrqMask               0x000024    0x2  Data  Gb  main.o [1]
USART1_RX_TIM5_CC_IRQHandler
                        0x00b753    0x1  Code  Gb  stm8l15x_it.o [1]
USART1_TX_TIM5_UPD_OVF_TRG_BRK_IRQHandler
                        0x00b752    0x1  Code  Gb  stm8l15x_it.o [1]
USART_ClockInit         0x00b113   0x50  Code  Gb  stm8l15x_usart.o [1]
USART_Cmd               0x00b3da   0x27  Code  Gb  stm8l15x_usart.o [1]
USART_DeInit            0x00b3b3   0x27  Code  Gb  stm8l15x_usart.o [1]
USART_ITConfig          0x00abec   0x94  Code  Gb  stm8l15x_usart.o [1]
USART_Init              0x00aa6d   0xca  Code  Gb  stm8l15x_usart.o [1]
USART_SendData8         0x00b726    0x3  Code  Gb  stm8l15x_usart.o [1]
Uart_SendData8String    0x00b297   0x34  Code  Gb  UART.o [1]
Uart_SendNumber         0x00af1f   0x75  Code  Gb  UART.o [1]
WaitOnBusy              0x00ac80    0xa  Code  Gb  Radio_Methods.o [1]
__Calibrate             0x008d7d   0x44  Code  Gb  Radio_Methods.o [1]
__ClearIrqStatus        0x008368   0x18  Code  Gb  Radio_Methods.o [1]
__DebugBreak            0x00b754    0x1  Code  Gb  __dbg_break.o [3]
__ForcePreambleLength   0x00b544   0x19  Code  Gb  Radio_Methods.o [1]
__GetDioStatus          0x008272   0x46  Code  Gb  Radio_Methods.o [1]
__GetFirmwareVersion    0x00b221   0x3c  Code  Gb  Radio_Methods.o [1]
__GetFrequencyError     0x00a8c6   0xdc  Code  Gb  Radio_Methods.o [1]
__GetIrqStatus          0x008d58   0x25  Code  Gb  Radio_Methods.o [1]
__GetLoRaBandwidth      0x0090c2   0x4a  Code  Gb  Radio_Methods.o [1]
__GetOpMode             0x0082b8    0x4  Code  Gb  Radio_Methods.o [1]
__GetPacketStatus       0x008740  0x5c4  Code  Gb  Radio_Methods.o [1]
__GetPacketType         0x008444   0x31  Code  Gb  Radio_Methods.o [1]
__GetPayload            0x008e21   0x3a  Code  Gb  Radio_Methods.o [1]
__GetRangingResult      0x00910c   0xfc  Code  Gb  Radio_Methods.o [1]
__GetRssiInst           0x008d04   0x24  Code  Gb  Radio_Methods.o [1]
__GetRxBufferStatus     0x0086e8   0x58  Code  Gb  Radio_Methods.o [1]
__GetStatus             0x0082bc   0x2e  Code  Gb  Radio_Methods.o [1]
__Init                  0x00acf5   0x1b  Code  Gb  Radio_Methods.o [1]
__IrqState              0x000054    0x1  Data  Lc  Radio_Methods.o [1]
__LoRaBandwidth         0x000028    0x1  Data  Lc  Radio_Methods.o [1]
__OperatingMode         0x000026    0x1  Data  Lc  Radio_Methods.o [1]
__PacketType            0x000027    0x1  Data  Lc  Radio_Methods.o [1]
__PollingMode           0x000055    0x1  Data  Lc  Radio_Methods.o [1]
__ProcessIrqs           0x009b0e  0x3d7  Code  Gb  Radio_Methods.o [1]
__RangingClearFilterResult
                        0x009229   0x23  Code  Gb  Radio_Methods.o [1]
__RangingSetFilterNumSamples
                        0x00924c    0xc  Code  Gb  Radio_Methods.o [1]
__ReadBuffer            0x00821a   0x58  Code  Gb  Radio_Methods.o [1]
__ReadCommand           0x0080db   0x69  Code  Gb  Radio_Methods.o [1]
__ReadRegister          0x00b062   0x5c  Code  Gb  Radio_Methods.o [1]
__ReadRegister_1        0x0081b0   0x1a  Code  Gb  Radio_Methods.o [1]
__Reset                 0x00acbb   0x3a  Code  Gb  Radio_Methods.o [1]
__SendPayload           0x008e5b   0x14  Code  Gb  Radio_Methods.o [1]
__SetAutoFs             0x008df5   0x11  Code  Gb  Radio_Methods.o [1]
__SetAutoTx             0x008dda   0x1b  Code  Gb  Radio_Methods.o [1]
__SetBleAccessAddress   0x008f75   0x29  Code  Gb  Radio_Methods.o [1]
__SetBleAdvertizerAccessAddress
                        0x008f9e    0xd  Code  Gb  Radio_Methods.o [1]
__SetBufferBaseAddresses
                        0x008501   0x18  Code  Gb  Radio_Methods.o [1]
__SetCad                0x008411    0xd  Code  Gb  Radio_Methods.o [1]
__SetCadParams          0x0084ec   0x15  Code  Gb  Radio_Methods.o [1]
__SetCrcPolynomial      0x008fab   0x28  Code  Gb  Radio_Methods.o [1]
__SetCrcSeed            0x008f1c   0x59  Code  Gb  Radio_Methods.o [1]
__SetDeviceRangingAddress
                        0x00901e   0x2f  Code  Gb  Radio_Methods.o [1]
__SetDioIrqParams       0x008d28   0x30  Code  Gb  Radio_Methods.o [1]
__SetFs                 0x008347    0xd  Code  Gb  Radio_Methods.o [1]
__SetInterruptMode      0x00b70c    0x5  Code  Gb  Radio_Methods.o [1]
__SetLongPreamble       0x008e06   0x11  Code  Gb  Radio_Methods.o [1]
__SetModulationParams   0x008519   0xb3  Code  Gb  Radio_Methods.o [1]
__SetPacketParams       0x0085cc  0x11c  Code  Gb  Radio_Methods.o [1]
__SetPacketType         0x00842e   0x16  Code  Gb  Radio_Methods.o [1]
__SetPayload            0x008e17    0xa  Code  Gb  Radio_Methods.o [1]
__SetPollingMode        0x00b707    0x5  Code  Gb  Radio_Methods.o [1]
__SetRangingCalibration
                        0x009208   0x21  Code  Gb  Radio_Methods.o [1]
__SetRangingIdLength    0x008ff3   0x2b  Code  Gb  Radio_Methods.o [1]
__SetRangingRequestAddress
                        0x00904d   0x2f  Code  Gb  Radio_Methods.o [1]
__SetRangingRole        0x008354   0x14  Code  Gb  Radio_Methods.o [1]
__SetRegistersDefault   0x00ac8a    0x1  Code  Gb  Radio_Methods.o [1]
__SetRegulatorMode      0x008dc1   0x11  Code  Gb  Radio_Methods.o [1]
__SetRfFrequency        0x008475   0x5d  Code  Gb  Radio_Methods.o [1]
__SetRx                 0x0083b6   0x35  Code  Gb  Radio_Methods.o [1]
__SetRxDutyCycle        0x0083eb   0x26  Code  Gb  Radio_Methods.o [1]
__SetSaveContext        0x008dd2    0x8  Code  Gb  Radio_Methods.o [1]
__SetSleep              0x0082ea   0x3e  Code  Gb  Radio_Methods.o [1]
__SetStandby            0x008328   0x1f  Code  Gb  Radio_Methods.o [1]
__SetSyncWord           0x008e6f   0x8a  Code  Gb  Radio_Methods.o [1]
__SetSyncWordErrorTolerance
                        0x008ef9   0x23  Code  Gb  Radio_Methods.o [1]
__SetTx                 0x008380   0x36  Code  Gb  Radio_Methods.o [1]
__SetTxContinuousPreamble
                        0x008426    0x8  Code  Gb  Radio_Methods.o [1]
__SetTxContinuousWave   0x00841e    0x8  Code  Gb  Radio_Methods.o [1]
__SetTxParams           0x0084d2   0x1a  Code  Gb  Radio_Methods.o [1]
__SetWhiteningSeed      0x008fd3   0x20  Code  Gb  Radio_Methods.o [1]
__Wakeup                0x00ac8b   0x30  Code  Gb  Radio_Methods.o [1]
__WriteBuffer           0x0081ca   0x50  Code  Gb  Radio_Methods.o [1]
__WriteCommand          0x008080   0x5b  Code  Gb  Radio_Methods.o [1]
__WriteRegister         0x008144   0x57  Code  Gb  Radio_Methods.o [1]
__WriteRegister_1       0x00819b   0x15  Code  Gb  Radio_Methods.o [1]
__callbacks             0x00004e    0x2  Data  Lc  Radio_Methods.o [1]
__exit                  0x00b5fe   0x14  Code  Gb  __dbg_xxexit.o [3]
__iar_Dint              0x00a9a2   0xcb  Code  Gb  xdint.o [4]
__iar_Dnorm             0x00a3f4         Code  Gb  float_libsup.o [4]
__iar_Dscale            0x00a482         Code  Gb  float_libsup.o [4]
__iar_Dtest             0x00a3d4         Code  Gb  float_libsup.o [4]
__iar_Dunscale          0x00a430         Code  Gb  float_libsup.o [4]
__iar_Errno             0x000050    0x2  Data  Gb  errno.o [4]
__iar_Exp               0x00a1df  0x1f5  Code  Gb  xexp.o [4]
__iar_Logpoly           0x00b6bf    0x9  Code  Gb  xlog.o [4]
__iar_copy_init2        0x00b38b         Code  Gb  init_small.o [4]
__iar_data_init2        0x00b5ea   0x14  Code  Gb  init.o [4]
__iar_program_start     0x00b612         Code  Gb  cstartup.o [4]
__iar_unhandled_exception
                        0x00b732         Code  Gb  unhandled_exception.o [4]
__iar_zero_init2        0x00b4b8         Code  Gb  init_small.o [4]
__intvec                0x008000         Data  Gb  interrupt.o [4]
__low_level_init        0x00b72c    0x3  Code  Gb  low_level_init.o [4]
_exit                   0x00b711         Code  Gb  cexit.o [4]
_interrupt_1            0x00b73b         Code  Gb  stm8l15x_it.o [1]
_interrupt_10           0x00971f         Code  Gb  Radio_Methods.o [1]
_interrupt_12           0x00b741         Code  Gb  stm8l15x_it.o [1]
_interrupt_13           0x00b742         Code  Gb  stm8l15x_it.o [1]
_interrupt_14           0x00b743         Code  Gb  stm8l15x_it.o [1]
_interrupt_15           0x00b744         Code  Gb  stm8l15x_it.o [1]
_interrupt_16           0x00b745         Code  Gb  stm8l15x_it.o [1]
_interrupt_17           0x00b746         Code  Gb  stm8l15x_it.o [1]
_interrupt_18           0x00b747         Code  Gb  stm8l15x_it.o [1]
_interrupt_19           0x00b748         Code  Gb  stm8l15x_it.o [1]
_interrupt_20           0x00b749         Code  Gb  stm8l15x_it.o [1]
_interrupt_21           0x00b74a         Code  Gb  stm8l15x_it.o [1]
_interrupt_22           0x00b74b         Code  Gb  stm8l15x_it.o [1]
_interrupt_23           0x00b74c         Code  Gb  stm8l15x_it.o [1]
_interrupt_24           0x00b74d         Code  Gb  stm8l15x_it.o [1]
_interrupt_25           0x00b74e         Code  Gb  stm8l15x_it.o [1]
_interrupt_26           0x00b74f         Code  Gb  stm8l15x_it.o [1]
_interrupt_27           0x00b750         Code  Gb  stm8l15x_it.o [1]
_interrupt_28           0x00b751         Code  Gb  stm8l15x_it.o [1]
_interrupt_29           0x00b752         Code  Gb  stm8l15x_it.o [1]
_interrupt_30           0x00b753         Code  Gb  stm8l15x_it.o [1]
_interrupt_31           0x00b4d6         Code  Gb  stm8l15x_it.o [1]
_interrupt_4            0x00b73c         Code  Gb  stm8l15x_it.o [1]
_interrupt_5            0x00b73d         Code  Gb  stm8l15x_it.o [1]
_interrupt_6            0x00b55d         Code  Gb  stm8l15x_it.o [1]
_interrupt_7            0x00b73e         Code  Gb  stm8l15x_it.o [1]
_interrupt_8            0x00b73f         Code  Gb  stm8l15x_it.o [1]
_interrupt_9            0x00b740         Code  Gb  stm8l15x_it.o [1]
cadDoneIRQ              0x00b73a    0x1  Code  Gb  main.o [1]
complement2             0x00907c   0x46  Code  Gb  Radio_Methods.o [1]
counter                 0x000053    0x1  Data  Gb  main.o [1]
debugIRQ                0x00b6ad    0x9  Code  Gb  main.o [1]
delay                   0x00b5d6   0x14  Code  Gb  Radio_Methods.o [1]
exit                    0x00b72f    0x3  Code  Gb  exit.o [4]
initClock               0x00b637   0x11  Code  Gb  LoST_Clock.o [1]
initExternal_Interrupt_DIO1
                        0x00b648   0x10  Code  Gb  LoST_EXT.o [1]
initSPI1                0x00b006   0x5c  Code  Gb  LoST_SPI.o [1]
internal_Pow            0x009ee5  0x2e1  Code  Lc  pow.o [4]
main                    0x00ab37   0xb5  Code  Gb  main.o [1]
memset                  0x00b5c0   0x16  Code  Gb  memset.o [4]
modulationParams        0x000041    0xd  Data  Gb  main.o [1]
packetParams            0x000029   0x18  Data  Gb  main.o [1]
pow                     0x00a1db    0x4  Code  Gb  pow.o [4]
rangingDoneIRQ          0x00b739    0x1  Code  Gb  main.o [1]
rxDoneIRQ               0x00b6f8    0x5  Code  Gb  main.o [1]
rxErrorIRQ              0x00b702    0x5  Code  Gb  main.o [1]
rxHeaderDoneIRQ         0x00b738    0x1  Code  Gb  main.o [1]
rxSyncWordDoneIRQ       0x00b737    0x1  Code  Gb  main.o [1]
rxTimeoutIRQ            0x00b6fd    0x5  Code  Gb  main.o [1]
txDoneIRQ               0x00b69a    0xa  Code  Gb  main.o [1]
txTimeoutIRQ            0x00b667    0xd  Code  Gb  main.o [1]


[1] = C:\Users\17520\Desktop\LoRaTN\TestBoard_V2\Debug\Obj
[2] = command line
[3] = dbgstm8smd.a
[4] = dlstm8smn.a

  13 837 bytes of readonly  code memory
     328 bytes of readonly  data memory
     342 bytes of readwrite data memory

Errors: none
Warnings: none
